000 (35049.000.000) 05/23 18:33:20 Job submitted from host: <10.37.0.18:9618?addrs=10.37.0.18-9618+[--1]-9618&noUDP&sock=926_bcc9_3>
...
001 (35049.000.000) 05/23 18:33:21 Job executing on host: <10.37.0.193:9618?addrs=10.37.0.193-9618+[--1]-9618&noUDP&sock=1063_b543_3>
...
006 (35049.000.000) 05/23 18:33:29 Image size of job updated: 322100
	233  -  MemoryUsage of job (MB)
	238016  -  ResidentSetSize of job (KB)
...
006 (35049.000.000) 05/23 18:34:33 Image size of job updated: 3475796
	233  -  MemoryUsage of job (MB)
	238016  -  ResidentSetSize of job (KB)
...
005 (35049.000.000) 05/23 18:34:33 Job terminated.
	(1) Normal termination (return value 1)
		Usr 0 00:00:12, Sys 0 00:00:04  -  Run Remote Usage
		Usr 0 00:00:00, Sys 0 00:00:00  -  Run Local Usage
		Usr 0 00:00:12, Sys 0 00:00:04  -  Total Remote Usage
		Usr 0 00:00:00, Sys 0 00:00:00  -  Total Local Usage
	0  -  Run Bytes Sent By Job
	0  -  Run Bytes Received By Job
	0  -  Total Bytes Sent By Job
	0  -  Total Bytes Received By Job
	Partitionable Resources :    Usage  Request Allocated
	   Cpus                 :                 1         3
	   Disk (KB)            :      150      150 171275564
	   Gpus                 :                 1         1
	   Memory (MB)          :      233        1     64319
...
000 (35050.000.000) 05/23 18:38:01 Job submitted from host: <10.37.0.18:9618?addrs=10.37.0.18-9618+[--1]-9618&noUDP&sock=926_bcc9_3>
...
001 (35050.000.000) 05/23 18:38:01 Job executing on host: <10.37.0.193:9618?addrs=10.37.0.193-9618+[--1]-9618&noUDP&sock=1063_b543_3>
...
006 (35050.000.000) 05/23 18:38:10 Image size of job updated: 268892
	263  -  MemoryUsage of job (MB)
	268892  -  ResidentSetSize of job (KB)
...
006 (35050.000.000) 05/23 18:43:11 Image size of job updated: 3161964
	3068  -  MemoryUsage of job (MB)
	3141240  -  ResidentSetSize of job (KB)
...
006 (35050.000.000) 05/23 18:54:28 Image size of job updated: 3162360
	3068  -  MemoryUsage of job (MB)
	3141240  -  ResidentSetSize of job (KB)
...
005 (35050.000.000) 05/23 18:54:28 Job terminated.
	(1) Normal termination (return value 1)
		Usr 0 00:10:26, Sys 0 00:04:35  -  Run Remote Usage
		Usr 0 00:00:00, Sys 0 00:00:00  -  Run Local Usage
		Usr 0 00:10:26, Sys 0 00:04:35  -  Total Remote Usage
		Usr 0 00:00:00, Sys 0 00:00:00  -  Total Local Usage
	0  -  Run Bytes Sent By Job
	0  -  Run Bytes Received By Job
	0  -  Total Bytes Sent By Job
	0  -  Total Bytes Received By Job
	Partitionable Resources :    Usage  Request Allocated
	   Cpus                 :                 1         3
	   Disk (KB)            :      150      150 171275564
	   Gpus                 :                 1         1
	   Memory (MB)          :     3068        1     64319
...
000 (35051.000.000) 05/23 19:02:18 Job submitted from host: <10.37.0.18:9618?addrs=10.37.0.18-9618+[--1]-9618&noUDP&sock=926_bcc9_3>
...
001 (35051.000.000) 05/23 19:02:21 Job executing on host: <10.37.0.193:9618?addrs=10.37.0.193-9618+[--1]-9618&noUDP&sock=1063_b543_3>
...
006 (35051.000.000) 05/23 19:02:30 Image size of job updated: 356880
	263  -  MemoryUsage of job (MB)
	268836  -  ResidentSetSize of job (KB)
...
006 (35051.000.000) 05/23 19:07:31 Image size of job updated: 3548012
	3069  -  MemoryUsage of job (MB)
	3142244  -  ResidentSetSize of job (KB)
...
006 (35051.000.000) 05/23 19:18:19 Image size of job updated: 19859776
	3069  -  MemoryUsage of job (MB)
	3142244  -  ResidentSetSize of job (KB)
...
005 (35051.000.000) 05/23 19:18:19 Job terminated.
	(1) Normal termination (return value 1)
		Usr 0 00:10:18, Sys 0 00:04:31  -  Run Remote Usage
		Usr 0 00:00:00, Sys 0 00:00:00  -  Run Local Usage
		Usr 0 00:10:18, Sys 0 00:04:31  -  Total Remote Usage
		Usr 0 00:00:00, Sys 0 00:00:00  -  Total Local Usage
	0  -  Run Bytes Sent By Job
	0  -  Run Bytes Received By Job
	0  -  Total Bytes Sent By Job
	0  -  Total Bytes Received By Job
	Partitionable Resources :    Usage  Request Allocated
	   Cpus                 :                 1         3
	   Disk (KB)            :      150      150 171275564
	   Gpus                 :                 1         1
	   Memory (MB)          :     3069        1     64319
...
000 (35052.000.000) 05/23 19:25:39 Job submitted from host: <10.37.0.18:9618?addrs=10.37.0.18-9618+[--1]-9618&noUDP&sock=926_bcc9_3>
...
001 (35052.000.000) 05/23 19:25:42 Job executing on host: <10.37.0.193:9618?addrs=10.37.0.193-9618+[--1]-9618&noUDP&sock=1063_b543_3>
...
006 (35052.000.000) 05/23 19:25:50 Image size of job updated: 341648
	251  -  MemoryUsage of job (MB)
	256508  -  ResidentSetSize of job (KB)
...
006 (35052.000.000) 05/23 19:30:50 Image size of job updated: 3549360
	3069  -  MemoryUsage of job (MB)
	3142536  -  ResidentSetSize of job (KB)
...
006 (35052.000.000) 05/23 19:45:52 Image size of job updated: 3580960
	3100  -  MemoryUsage of job (MB)
	3173740  -  ResidentSetSize of job (KB)
...
006 (35052.000.000) 05/23 20:00:54 Image size of job updated: 3580972
	3100  -  MemoryUsage of job (MB)
	3173752  -  ResidentSetSize of job (KB)
...
006 (35052.000.000) 05/23 20:15:55 Image size of job updated: 3581060
	3100  -  MemoryUsage of job (MB)
	3173840  -  ResidentSetSize of job (KB)
...
006 (35052.000.000) 05/23 21:16:02 Image size of job updated: 3581080
	3100  -  MemoryUsage of job (MB)
	3173860  -  ResidentSetSize of job (KB)
...
006 (35052.000.000) 05/23 23:16:16 Image size of job updated: 3581084
	3100  -  MemoryUsage of job (MB)
	3173864  -  ResidentSetSize of job (KB)
...
006 (35052.000.000) 05/23 23:40:10 Image size of job updated: 3588872
	3100  -  MemoryUsage of job (MB)
	3173864  -  ResidentSetSize of job (KB)
...
005 (35052.000.000) 05/23 23:40:10 Job terminated.
	(1) Normal termination (return value 0)
		Usr 0 02:49:25, Sys 0 01:11:35  -  Run Remote Usage
		Usr 0 00:00:00, Sys 0 00:00:00  -  Run Local Usage
		Usr 0 02:49:25, Sys 0 01:11:35  -  Total Remote Usage
		Usr 0 00:00:00, Sys 0 00:00:00  -  Total Local Usage
	0  -  Run Bytes Sent By Job
	0  -  Run Bytes Received By Job
	0  -  Total Bytes Sent By Job
	0  -  Total Bytes Received By Job
	Partitionable Resources :    Usage  Request Allocated
	   Cpus                 :                 1         3
	   Disk (KB)            :      150      150 171275564
	   Gpus                 :                 1         1
	   Memory (MB)          :     3100        1     64319
...
000 (35055.000.000) 05/25 15:48:12 Job submitted from host: <10.37.0.18:9618?addrs=10.37.0.18-9618+[--1]-9618&noUDP&sock=926_bcc9_3>
...
001 (35055.000.000) 05/25 15:48:12 Job executing on host: <10.37.0.194:9618?addrs=10.37.0.194-9618+[--1]-9618&noUDP&sock=1064_64db_3>
...
006 (35055.000.000) 05/25 15:48:20 Image size of job updated: 349688
	258  -  MemoryUsage of job (MB)
	264020  -  ResidentSetSize of job (KB)
...
006 (35055.000.000) 05/25 15:53:20 Image size of job updated: 3550308
	3070  -  MemoryUsage of job (MB)
	3142824  -  ResidentSetSize of job (KB)
...
006 (35055.000.000) 05/25 16:08:22 Image size of job updated: 3581452
	3100  -  MemoryUsage of job (MB)
	3173572  -  ResidentSetSize of job (KB)
...
006 (35055.000.000) 05/25 16:23:24 Image size of job updated: 3581556
	3100  -  MemoryUsage of job (MB)
	3173676  -  ResidentSetSize of job (KB)
...
006 (35055.000.000) 05/25 16:53:26 Image size of job updated: 3581724
	3100  -  MemoryUsage of job (MB)
	3173844  -  ResidentSetSize of job (KB)
...
006 (35055.000.000) 05/25 17:53:32 Image size of job updated: 3581776
	3100  -  MemoryUsage of job (MB)
	3173896  -  ResidentSetSize of job (KB)
...
005 (35055.000.000) 05/25 20:00:37 Job terminated.
	(1) Normal termination (return value 0)
		Usr 0 02:50:34, Sys 0 01:11:19  -  Run Remote Usage
		Usr 0 00:00:00, Sys 0 00:00:00  -  Run Local Usage
		Usr 0 02:50:34, Sys 0 01:11:19  -  Total Remote Usage
		Usr 0 00:00:00, Sys 0 00:00:00  -  Total Local Usage
	0  -  Run Bytes Sent By Job
	0  -  Run Bytes Received By Job
	0  -  Total Bytes Sent By Job
	0  -  Total Bytes Received By Job
	Partitionable Resources :    Usage  Request Allocated
	   Cpus                 :                 1         3
	   Disk (KB)            :      150      150 171292312
	   Gpus                 :                 1         1
	   Memory (MB)          :     3100        1     64319
...
000 (35175.000.000) 07/15 21:56:35 Job submitted from host: <10.37.0.18:9618?addrs=10.37.0.18-9618+[--1]-9618&noUDP&sock=926_bcc9_3>
...
001 (35175.000.000) 07/15 21:56:35 Job executing on host: <10.37.0.195:9618?addrs=10.37.0.195-9618+[--1]-9618&noUDP&sock=1074_40ce_3>
...
006 (35175.000.000) 07/15 21:56:44 Image size of job updated: 445740
	195  -  MemoryUsage of job (MB)
	199032  -  ResidentSetSize of job (KB)
...
006 (35175.000.000) 07/15 22:01:45 Image size of job updated: 3737416
	3068  -  MemoryUsage of job (MB)
	3141568  -  ResidentSetSize of job (KB)
...
006 (35175.000.000) 07/15 22:16:46 Image size of job updated: 3769544
	3100  -  MemoryUsage of job (MB)
	3173432  -  ResidentSetSize of job (KB)
...
006 (35175.000.000) 07/15 22:31:48 Image size of job updated: 3769664
	3100  -  MemoryUsage of job (MB)
	3173552  -  ResidentSetSize of job (KB)
...
006 (35175.000.000) 07/15 22:46:50 Image size of job updated: 3769724
	3100  -  MemoryUsage of job (MB)
	3173612  -  ResidentSetSize of job (KB)
...
006 (35175.000.000) 07/15 23:01:52 Image size of job updated: 3769780
	3100  -  MemoryUsage of job (MB)
	3173668  -  ResidentSetSize of job (KB)
...
006 (35175.000.000) 07/15 23:16:53 Image size of job updated: 3769836
	3100  -  MemoryUsage of job (MB)
	3173724  -  ResidentSetSize of job (KB)
...
006 (35175.000.000) 07/15 23:31:55 Image size of job updated: 3769840
	3100  -  MemoryUsage of job (MB)
	3173728  -  ResidentSetSize of job (KB)
...
006 (35175.000.000) 07/15 23:46:56 Image size of job updated: 3769888
	3100  -  MemoryUsage of job (MB)
	3173776  -  ResidentSetSize of job (KB)
...
006 (35175.000.000) 07/16 01:57:09 Image size of job updated: 3770316
	3100  -  MemoryUsage of job (MB)
	3173776  -  ResidentSetSize of job (KB)
...
006 (35175.000.000) 07/16 02:07:11 Image size of job updated: 3770336
	3100  -  MemoryUsage of job (MB)
	3173776  -  ResidentSetSize of job (KB)
...
006 (35175.000.000) 07/16 02:18:48 Image size of job updated: 3779792
	3100  -  MemoryUsage of job (MB)
	3173776  -  ResidentSetSize of job (KB)
...
005 (35175.000.000) 07/16 02:18:48 Job terminated.
	(1) Normal termination (return value 0)
		Usr 0 02:52:37, Sys 0 01:12:47  -  Run Remote Usage
		Usr 0 00:00:00, Sys 0 00:00:00  -  Run Local Usage
		Usr 0 02:52:37, Sys 0 01:12:47  -  Total Remote Usage
		Usr 0 00:00:00, Sys 0 00:00:00  -  Total Local Usage
	0  -  Run Bytes Sent By Job
	0  -  Run Bytes Received By Job
	0  -  Total Bytes Sent By Job
	0  -  Total Bytes Received By Job
	Partitionable Resources :    Usage  Request Allocated
	   Cpus                 :                 1         3
	   Disk (KB)            :      150      150 170790640
	   Gpus                 :                 1         1
	   Memory (MB)          :     3100        1     64319
...
000 (35181.000.000) 07/16 08:45:26 Job submitted from host: <10.37.0.18:9618?addrs=10.37.0.18-9618+[--1]-9618&noUDP&sock=926_bcc9_3>
...
001 (35181.000.000) 07/16 08:45:27 Job executing on host: <10.37.0.197:9618?addrs=10.37.0.197-9618+[--1]-9618&noUDP&sock=1074_40ce_3>
...
006 (35181.000.000) 07/16 08:45:35 Image size of job updated: 354908
	262  -  MemoryUsage of job (MB)
	268052  -  ResidentSetSize of job (KB)
...
006 (35181.000.000) 07/16 08:50:35 Image size of job updated: 3543000
	3067  -  MemoryUsage of job (MB)
	3140400  -  ResidentSetSize of job (KB)
...
006 (35181.000.000) 07/16 09:05:36 Image size of job updated: 3576336
	3099  -  MemoryUsage of job (MB)
	3173340  -  ResidentSetSize of job (KB)
...
006 (35181.000.000) 07/16 09:30:38 Image size of job updated: 3576348
	3099  -  MemoryUsage of job (MB)
	3173352  -  ResidentSetSize of job (KB)
...
006 (35181.000.000) 07/16 09:45:40 Image size of job updated: 3576496
	3100  -  MemoryUsage of job (MB)
	3173500  -  ResidentSetSize of job (KB)
...
006 (35181.000.000) 07/16 10:00:42 Image size of job updated: 3576536
	3100  -  MemoryUsage of job (MB)
	3173540  -  ResidentSetSize of job (KB)
...
006 (35181.000.000) 07/16 10:15:43 Image size of job updated: 3576672
	3100  -  MemoryUsage of job (MB)
	3173676  -  ResidentSetSize of job (KB)
...
006 (35181.000.000) 07/16 11:45:54 Image size of job updated: 3576676
	3100  -  MemoryUsage of job (MB)
	3173680  -  ResidentSetSize of job (KB)
...
006 (35181.000.000) 07/16 12:00:56 Image size of job updated: 3576732
	3100  -  MemoryUsage of job (MB)
	3173736  -  ResidentSetSize of job (KB)
...
006 (35181.000.000) 07/16 12:50:51 Image size of job updated: 3584472
	3100  -  MemoryUsage of job (MB)
	3173736  -  ResidentSetSize of job (KB)
...
005 (35181.000.000) 07/16 12:50:51 Job terminated.
	(1) Normal termination (return value 0)
		Usr 0 02:44:56, Sys 0 01:10:59  -  Run Remote Usage
		Usr 0 00:00:00, Sys 0 00:00:00  -  Run Local Usage
		Usr 0 02:44:56, Sys 0 01:10:59  -  Total Remote Usage
		Usr 0 00:00:00, Sys 0 00:00:00  -  Total Local Usage
	0  -  Run Bytes Sent By Job
	0  -  Run Bytes Received By Job
	0  -  Total Bytes Sent By Job
	0  -  Total Bytes Received By Job
	Partitionable Resources :    Usage  Request Allocated
	   Cpus                 :                 1         3
	   Disk (KB)            :      150      150 170797460
	   Gpus                 :                 1         1
	   Memory (MB)          :     3100        1     64319
...
