000 (35048.000.000) 05/22 22:22:11 Job submitted from host: <10.37.0.18:9618?addrs=10.37.0.18-9618+[--1]-9618&noUDP&sock=926_bcc9_3>
...
001 (35048.000.000) 05/22 22:22:11 Job executing on host: <10.37.0.193:9618?addrs=10.37.0.193-9618+[--1]-9618&noUDP&sock=1063_b543_3>
...
006 (35048.000.000) 05/22 22:22:20 Image size of job updated: 322928
	233  -  MemoryUsage of job (MB)
	238448  -  ResidentSetSize of job (KB)
...
006 (35048.000.000) 05/22 22:27:21 Image size of job updated: 3447668
	2973  -  MemoryUsage of job (MB)
	3043352  -  ResidentSetSize of job (KB)
...
006 (35048.000.000) 05/22 22:32:21 Image size of job updated: 3448064
	2973  -  MemoryUsage of job (MB)
	3043352  -  ResidentSetSize of job (KB)
...
006 (35048.000.000) 05/22 22:37:21 Image size of job updated: 3479636
	3003  -  MemoryUsage of job (MB)
	3074264  -  ResidentSetSize of job (KB)
...
006 (35048.000.000) 05/22 22:47:22 Image size of job updated: 3479808
	3003  -  MemoryUsage of job (MB)
	3074436  -  ResidentSetSize of job (KB)
...
006 (35048.000.000) 05/22 23:42:28 Image size of job updated: 3881604
	3395  -  MemoryUsage of job (MB)
	3476232  -  ResidentSetSize of job (KB)
...
005 (35048.000.000) 05/23 06:12:17 Job terminated.
	(1) Normal termination (return value 0)
		Usr 0 07:29:04, Sys 0 00:05:00  -  Run Remote Usage
		Usr 0 00:00:00, Sys 0 00:00:00  -  Run Local Usage
		Usr 0 07:29:04, Sys 0 00:05:00  -  Total Remote Usage
		Usr 0 00:00:00, Sys 0 00:00:00  -  Total Local Usage
	0  -  Run Bytes Sent By Job
	0  -  Run Bytes Received By Job
	0  -  Total Bytes Sent By Job
	0  -  Total Bytes Received By Job
	Partitionable Resources :    Usage  Request Allocated
	   Cpus                 :                 1         3
	   Disk (KB)            :      150      150 171275564
	   Gpus                 :                 1         1
	   Memory (MB)          :     3395        1     64319
...
